[20210804]
- enable RS232 charge pump
    current consumption 5.1mA
- 